// Jest Snapshot v1, https://goo.gl/fbAQLP

exports[`renders HeaderNav 1`] = `
<div
  className="navbar__header"
>
  <div
    className="image__logo"
  >
    <img
      alt=""
      src="logo_white.png"
    />
    <h2>
      TealTube
    </h2>
  </div>
  <form
    action=""
    className="input__form"
  >
    <div
      className="search__input"
    >
      <input
        placeholder="search"
        type="text"
      />
    </div>
  </form>
  <div
    className="microphone"
  >
    <i
      className="bx bxs-microphone "
    />
  </div>
  <div
    className="right__icons"
  >
    <i
      className="bx bxs-camera-movie"
    />
    <i
      className="bx bxs-grid"
    />
    <i
      className="bx bxs-bell-ring"
    />
    <i
      className="bx bxs-user"
    />
  </div>
</div>
`;
